Hi,I print something
shuchu
Hi,I print something
I am <info> message.
test - INFO - 2019-04-10 13:23:55,676 - I am <info> message.
